// Jest Snapshot v1, https://goo.gl/fbAQLP

exports[`Given an animal service When a request to create an animal is made Then it should return the right data 1`] = `
Array [
  Object {
    "breed": "Bengali",
    "gender": "Female",
    "name": "Manchas",
    "vaccinated": true,
    "vaccines": Array [
      "Rabia",
    ],
  },
]
`;
